warning: method `get` is never used
  --> spur-core/src/simulator/coverage.rs:38:12
   |
22 | impl VertexMap {
   | -------------- method in this implementation
...
38 |     pub fn get(&self, vertex: &Vertex) -> Option<u64> {
   |            ^^^
   |
   = note: `#[warn(dead_code)]` (part of `#[warn(unused)]`) on by default

warning: methods `novelty_score` and `unique_edges` are never used
   --> spur-core/src/simulator/coverage.rs:122:12
    |
 95 | impl LocalCoverage {
    | ------------------ methods in this implementation
...
122 |     pub fn novelty_score(&self) -> f64 {
    |            ^^^^^^^^^^^^^
...
141 |     pub fn unique_edges(&self) -> usize {
    |            ^^^^^^^^^^^^

warning: methods `total` and `novelty_score` are never used
   --> spur-core/src/simulator/coverage.rs:199:12
    |
169 | impl GlobalCoverage {
    | ------------------- methods in this implementation
...
199 |     pub fn total(&self) -> u64 {
    |            ^^^^^
...
221 |     pub fn novelty_score(&self, vertex: Vertex) -> f64 {
    |            ^^^^^^^^^^^^^

warning: `spur-core` (lib) generated 3 warnings
    Finished `release` profile [optimized + debuginfo] target(s) in 0.06s
     Running `spur/target/release/spur explore -e campaign --config scheduler_configs/loop/general_vr.json --set campaign.wall_budget_sec=60 -y --output-dir tmp/loop/request-wait/out bin/spur/VR.spur`
Config overrides: campaign.wall_budget_sec=60
Explorer finished in 60.19s. Results saved to tmp/loop/request-wait/out
  - Coverage heatmap: skipped (no CFG feedback)
  - CFG: tmp/loop/request-wait/out/cfg.svg
  - Utilization counters: tmp/loop/request-wait/out/utilization.json
  - Utilization counters: tmp/loop/request-wait/out.utilization.json
  - Stall-cap rows: tmp/loop/request-wait/out/stall_cap_runs.csv
  - Session summary: tmp/loop/request-wait/out/session.json
  - Session summary: tmp/loop/request-wait/out.session.json
  - Campaign report: tmp/loop/request-wait/out/campaign.json
  - Campaign report: tmp/loop/request-wait/out.campaign.json
exit 0
